===== start 2026-09-01T20:30:01+08:00 =====
===== news ingest start =====
{
  "status": "partial_failed",
  "target_date": "2026-09-01",
  "discovered": 20,
  "unique": 19,
  "sources": [
    {
      "topic": "科技",
      "url": "https://news.qq.com/ch/tech/",
      "count": 5,
      "status": "success"
    },
    {
      "topic": "体育",
      "url": "https://news.qq.com/ch/sports/",
      "count": 5,
      "status": "success"
    },
    {
      "topic": "财经",
      "url": "https://news.qq.com/ch/finance/",
      "count": 5,
      "status": "success"
    },
    {
      "topic": "娱乐",
      "url": "https://news.qq.com/ch/ent/",
      "count": 0,
      "status": "success"
    },
    {
      "topic": "汽车",
      "url": "https://news.qq.com/ch/auto/",
      "count": 5,
      "status": "success"
    },
    {
      "topic": "教育",
      "url": "https://news.qq.com/ch/edu/",
      "count": 0,
      "status": "success"
    }
  ],
  "dry_run": false,
  "ingest": {
    "total": 19,
    "succeeded": 0,
    "skipped": 0,
    "failed": 19,
    "retry_exhausted": 0,
    "items": [
      {
        "url": "https://news.qq.com/rain/a/20260901A0A2DU00",
        "title": "",
        "collection_id": null,
        "insert_len": 0,
        "status": "failed",
        "error": "[Errno 111] Connection refused"
      },
      {
        "url": "https://news.qq.com/rain/a/20260901A0A0R600",
        "title": "",
        "collection_id": null,
        "insert_len": 0,
        "status": "failed",
        "error": "[Errno 111] Connection refused"
      },
      {
        "url": "https://news.qq.com/rain/a/20260901A0AO1E00",
        "title": "",
        "collection_id": null,
        "insert_len": 0,
        "status": "failed",
        "error": "[Errno 111] Connection refused"
      },
      {
        "url": "https://news.qq.com/rain/a/20260901A0AV5E00",
        "title": "",
        "collection_id": null,
        "insert_len": 0,
        "status": "failed",
        "error": "[Errno 111] Connection refused"
      },
      {
        "url": "https://news.qq.com/rain/a/20260901A0AXF300",
        "title": "",
        "collection_id": null,
        "insert_len": 0,
        "status": "failed",
        "error": "[Errno 111] Connection refused"
      },
      {
        "url": "https://news.qq.com/rain/a/20260901A09ZF300",
        "title": "",
        "collection_id": null,
        "insert_len": 0,
        "status": "failed",
        "error": "[Errno 111] Connection refused"
      },
      {
        "url": "https://news.qq.com/rain/a/20260901A0BICS00",
        "title": "",
        "collection_id": null,
        "insert_len": 0,
        "status": "failed",
        "error": "[Errno 111] Connection refused"
      },
      {
        "url": "https://news.qq.com/rain/a/20260901A09D6800",
        "title": "",
        "collection_id": null,
        "insert_len": 0,
        "status": "failed",
        "error": "[Errno 111] Connection refused"
      },
      {
        "url": "https://news.qq.com/rain/a/20260901A0ANPB00",
        "title": "",
        "collection_id": null,
        "insert_len": 0,
        "status": "failed",
        "error": "[Errno 111] Connection refused"
      },
      {
        "url": "https://news.qq.com/rain/a/20260901A04CK700",
        "title": "",
        "collection_id": null,
        "insert_len": 0,
        "status": "failed",
        "error": "[Errno 111] Connection refused"
      },
      {
        "url": "https://news.qq.com/rain/a/20260901A07WLS00",
        "title": "",
        "collection_id": null,
        "insert_len": 0,
        "status": "failed",
        "error": "[Errno 111] Connection refused"
      },
      {
        "url": "https://news.qq.com/rain/a/20260901A0A8RO00",
        "title": "",
        "collection_id": null,
        "insert_len": 0,
        "status": "failed",
        "error": "[Errno 111] Connection refused"
      },
      {
        "url": "https://news.qq.com/rain/a/20260901A0AG5000",
        "title": "",
        "collection_id": null,
        "insert_len": 0,
        "status": "failed",
        "error": "[Errno 111] Connection refused"
      },
      {
        "url": "https://news.qq.com/rain/a/20260901A0AOV600",
        "title": "",
        "collection_id": null,
        "insert_len": 0,
        "status": "failed",
        "error": "[Errno 111] Connection refused"
      },
      {
        "url": "https://news.qq.com/rain/a/20260901A0A8AW00",
        "title": "",
        "collection_id": null,
        "insert_len": 0,
        "status": "failed",
        "error": "[Errno 111] Connection refused"
      },
      {
        "url": "https://news.qq.com/rain/a/20260901A03JPY00",
        "title": "",
        "collection_id": null,
        "insert_len": 0,
        "status": "failed",
        "error": "[Errno 111] Connection refused"
      },
      {
        "url": "https://news.qq.com/rain/a/20260901A0B6JQ00",
        "title": "",
        "collection_id": null,
        "insert_len": 0,
        "status": "failed",
        "error": "[Errno 111] Connection refused"
      },
      {
        "url": "https://news.qq.com/rain/a/20260901A0BHXO00",
        "title": "",
        "collection_id": null,
        "insert_len": 0,
        "status": "failed",
        "error": "[Errno 111] Connection refused"
      },
      {
        "url": "https://news.qq.com/rain/a/20260901A0BI8700",
        "title": "",
        "collection_id": null,
        "insert_len": 0,
        "status": "failed",
        "error": "[Errno 111] Connection refused"
      }
    ]
  },
  "items": [
    {
      "topic": "科技",
      "title": "钟声响起之后：希音错过了最好的上市时机吗？",
      "url": "https://news.qq.com/rain/a/20260901A0A2DU00",
      "publish_time": "2026-09-01 18:12:45"
    },
    {
      "topic": "科技",
      "title": "存储“狂欢”进入下半场？DRAM、NAND价格续创新高，但涨势有所放缓",
      "url": "https://news.qq.com/rain/a/20260901A0A0R600",
      "publish_time": "2026-09-01 17:57:08"
    },
    {
      "topic": "科技",
      "title": "混元Hy4 preview轻量版来了！权重压缩86%，性能几乎不减",
      "url": "https://news.qq.com/rain/a/20260901A0AO1E00",
      "publish_time": "2026-09-01 19:18:27"
    },
    {
      "topic": "科技",
      "title": "Manus搬进Meta用了3个月，搬出来也用了3个月",
      "url": "https://news.qq.com/rain/a/20260901A0AV5E00",
      "publish_time": "2026-09-01 19:19:04"
    },
    {
      "topic": "科技",
      "title": "获亚马逊、英伟达投资，他却想戳破人形机器人泡沫",
      "url": "https://news.qq.com/rain/a/20260901A0AXF300",
      "publish_time": "2026-09-01 19:25:40"
    },
    {
      "topic": "体育",
      "title": "中国男女篮亚运最终12人名单：两将替换杨瀚森赵继伟 崔永熙邓雨婷落选",
      "url": "https://news.qq.com/rain/a/20260901A09ZF300",
      "publish_time": "2026-09-01 17:53:49"
    },
    {
      "topic": "体育",
      "title": "中国大师赛首日：国羽10胜2负！石宇奇一轮游，胡哲安出局虽败犹荣",
      "url": "https://news.qq.com/rain/a/20260901A0BICS00",
      "publish_time": "2026-09-01 20:14:31"
    },
    {
      "topic": "体育",
      "title": "中国女排硬刚到底，亚运名单不调换，若被泰国双杀赵勇帅位恐动摇",
      "url": "https://news.qq.com/rain/a/20260901A09D6800",
      "publish_time": "2026-09-01 17:03:56"
    },
    {
      "topic": "体育",
      "title": "亚锦赛首席医疗官点出中国女排3大短板：从热身就看出差距",
      "url": "https://news.qq.com/rain/a/20260901A0ANPB00",
      "publish_time": "2026-09-01 18:58:58"
    },
    {
      "topic": "体育",
      "title": "总决赛拿40分有多难？科比1次 乔丹6次 那詹姆斯有多少次？",
      "url": "https://news.qq.com/rain/a/20260901A04CK700",
      "publish_time": "2026-09-01 10:40:35"
    },
    {
      "topic": "财经",
      "title": "主权债息创2008年新高！美日国债相继破位，全球债市为何全线溃败",
      "url": "https://news.qq.com/rain/a/20260901A07WLS00",
      "publish_time": "2026-09-01 17:54:24"
    },
    {
      "topic": "财经",
      "title": "“828新政”重塑行业逻辑，头部房企的资产负债表能否经受住考验",
      "url": "https://news.qq.com/rain/a/20260901A0A8RO00",
      "publish_time": "2026-09-01 18:54:39"
    },
    {
      "topic": "财经",
      "title": "全球粮价面临大考，中国饭碗端得更稳",
      "url": "https://news.qq.com/rain/a/20260901A0AG5000",
      "publish_time": "2026-09-01 18:30:33"
    },
    {
      "topic": "财经",
      "title": "成都银行上半年非息收入降54%，上市8年多首次中期分红",
      "url": "https://news.qq.com/rain/a/20260901A0AOV600",
      "publish_time": "2026-09-01 19:02:51"
    },
    {
      "topic": "汽车",
      "title": "销量暴涨371%，中国车企却在欧洲被经销商追欠款半年",
      "url": "https://news.qq.com/rain/a/20260901A0A8AW00",
      "publish_time": "2026-09-01 18:12:14"
    },
    {
      "topic": "汽车",
      "title": "赛力斯8月新能源汽车销量同比下降43.96%，比亚迪1-8月销量跌7.22%",
      "url": "https://news.qq.com/rain/a/20260901A03JPY00",
      "publish_time": "2026-09-01 18:50:47"
    },
    {
      "topic": "汽车",
      "title": "售14.99万起 2027款星途揽月上市 增配不涨价 一箱油跑1300km",
      "url": "https://news.qq.com/rain/a/20260901A0B6JQ00",
      "publish_time": "2026-09-01 19:48:05"
    },
    {
      "topic": "汽车",
      "title": "追觅回应放弃整车量产：汽车业务并入产业研究院，MOVA项目并非全盘关停",
      "url": "https://news.qq.com/rain/a/20260901A0BHXO00",
      "publish_time": "2026-09-01 20:13:09"
    },
    {
      "topic": "汽车",
      "title": "23家上市车企半年报透视：不足三成净利增长 三季度行业边际预期改善",
      "url": "https://news.qq.com/rain/a/20260901A0BI8700",
      "publish_time": "2026-09-01 20:14:06"
    }
  ]
}
===== news ingest end, exit=1 =====
===== qa generate start =====
{
  "total": 20,
  "submitted": 0,
  "skipped": 0,
  "failed": 20,
  "retry_exhausted": 0,
  "items": [
    {
      "url": "https://news.qq.com/rain/a/20260831A05D4S00",
      "status": "failed",
      "error": "[Errno 111] Connection refused"
    },
    {
      "url": "https://news.qq.com/rain/a/20260831A09QC800",
      "status": "failed",
      "error": "[Errno 111] Connection refused"
    },
    {
      "url": "https://news.qq.com/rain/a/20260831A05Z5100",
      "status": "failed",
      "error": "[Errno 111] Connection refused"
    },
    {
      "url": "https://news.qq.com/rain/a/20260831A09SY100",
      "status": "failed",
      "error": "[Errno 111] Connection refused"
    },
    {
      "url": "https://news.qq.com/rain/a/20260831A09WV300",
      "status": "failed",
      "error": "[Errno 111] Connection refused"
    },
    {
      "url": "https://news.qq.com/rain/a/20260831A09VPJ00",
      "status": "failed",
      "error": "[Errno 111] Connection refused"
    },
    {
      "url": "https://news.qq.com/rain/a/20260831A05E0900",
      "status": "failed",
      "error": "[Errno 111] Connection refused"
    },
    {
      "url": "https://news.qq.com/rain/a/20260831A09ZWA00",
      "status": "failed",
      "error": "[Errno 111] Connection refused"
    },
    {
      "url": "https://news.qq.com/rain/a/20260831A09HGV00",
      "status": "failed",
      "error": "[Errno 111] Connection refused"
    },
    {
      "url": "https://news.qq.com/rain/a/20260831A09VVS00",
      "status": "failed",
      "error": "[Errno 111] Connection refused"
    },
    {
      "url": "https://news.qq.com/rain/a/20260831A09TT200",
      "status": "failed",
      "error": "[Errno 111] Connection refused"
    },
    {
      "url": "https://news.qq.com/rain/a/20260831A09SOS00",
      "status": "failed",
      "error": "[Errno 111] Connection refused"
    },
    {
      "url": "https://news.qq.com/rain/a/20260831A09MPU00",
      "status": "failed",
      "error": "[Errno 111] Connection refused"
    },
    {
      "url": "https://news.qq.com/rain/a/20260831A09WKE00",
      "status": "failed",
      "error": "[Errno 111] Connection refused"
    },
    {
      "url": "https://news.qq.com/rain/a/20260831A09TSL00",
      "status": "failed",
      "error": "[Errno 111] Connection refused"
    },
    {
      "url": "https://news.qq.com/rain/a/20260831A09QTH00",
      "status": "failed",
      "error": "[Errno 111] Connection refused"
    },
    {
      "url": "https://news.qq.com/rain/a/20260831A09ROB00",
      "status": "failed",
      "error": "[Errno 111] Connection refused"
    },
    {
      "url": "https://news.qq.com/rain/a/20260831A09SL700",
      "status": "failed",
      "error": "[Errno 111] Connection refused"
    },
    {
      "url": "https://news.qq.com/rain/a/20260831A09OJK00",
      "status": "failed",
      "error": "[Errno 111] Connection refused"
    },
    {
      "url": "https://news.qq.com/rain/a/20260831A08R8T00",
      "status": "failed",
      "error": "[Errno 111] Connection refused"
    }
  ]
}
===== qa generate end, exit=1 =====
===== evaluation skipped (disabled) =====
===== daily report start =====
{
  "status": "failed",
  "target_date": "2026-09-01",
  "generated_at": "2026-09-01T20:30:14.155520+08:00",
  "pipeline_exit_codes": {
    "ingest": 1,
    "qa": 1,
    "evaluation": 0
  },
  "news": {
    "total": 19,
    "status_counts": {
      "failed": 19
    },
    "retry_exhausted": 0
  },
  "qa": {
    "total": 0,
    "status_counts": {},
    "not_submitted": 0,
    "retry_exhausted": 0
  },
  "cache": {
    "article_files": 1675
  },
  "files": {
    "json": "reports/daily-2026-09-01.json",
    "markdown": "reports/daily-2026-09-01.md"
  }
}
===== daily report end, exit=0 =====
===== end 2026-09-01T20:30:14+08:00, exit=1 =====
