===== start 2026-09-13T20:30:01+08:00 =====
===== news ingest start =====
{
  "status": "partial_failed",
  "target_date": "2026-09-13",
  "discovered": 20,
  "unique": 20,
  "sources": [
    {
      "topic": "科技",
      "url": "https://news.qq.com/ch/tech/",
      "count": 5,
      "status": "success"
    },
    {
      "topic": "体育",
      "url": "https://news.qq.com/ch/sports/",
      "count": 5,
      "status": "success"
    },
    {
      "topic": "财经",
      "url": "https://news.qq.com/ch/finance/",
      "count": 5,
      "status": "success"
    },
    {
      "topic": "娱乐",
      "url": "https://news.qq.com/ch/ent/",
      "count": 0,
      "status": "success"
    },
    {
      "topic": "汽车",
      "url": "https://news.qq.com/ch/auto/",
      "count": 5,
      "status": "success"
    },
    {
      "topic": "教育",
      "url": "https://news.qq.com/ch/edu/",
      "count": 0,
      "status": "success"
    }
  ],
  "dry_run": false,
  "ingest": {
    "total": 20,
    "succeeded": 0,
    "skipped": 0,
    "failed": 20,
    "retry_exhausted": 0,
    "items": [
      {
        "url": "https://news.qq.com/rain/a/20260913A08HTO00",
        "title": "",
        "collection_id": null,
        "insert_len": 0,
        "status": "failed",
        "error": "[Errno 111] Connection refused"
      },
      {
        "url": "https://news.qq.com/rain/a/20260913A07N2B00",
        "title": "",
        "collection_id": null,
        "insert_len": 0,
        "status": "failed",
        "error": "[Errno 111] Connection refused"
      },
      {
        "url": "https://news.qq.com/rain/a/20260913A07WQQ00",
        "title": "",
        "collection_id": null,
        "insert_len": 0,
        "status": "failed",
        "error": "[Errno 111] Connection refused"
      },
      {
        "url": "https://news.qq.com/rain/a/20260913A088QS00",
        "title": "",
        "collection_id": null,
        "insert_len": 0,
        "status": "failed",
        "error": "[Errno 111] Connection refused"
      },
      {
        "url": "https://news.qq.com/rain/a/20260913A07LL300",
        "title": "",
        "collection_id": null,
        "insert_len": 0,
        "status": "failed",
        "error": "[Errno 111] Connection refused"
      },
      {
        "url": "https://news.qq.com/rain/a/20260913A08LVD00",
        "title": "",
        "collection_id": null,
        "insert_len": 0,
        "status": "failed",
        "error": "[Errno 111] Connection refused"
      },
      {
        "url": "https://news.qq.com/rain/a/20260913A03RSS00",
        "title": "",
        "collection_id": null,
        "insert_len": 0,
        "status": "failed",
        "error": "[Errno 111] Connection refused"
      },
      {
        "url": "https://news.qq.com/rain/a/20260912A0B86000",
        "title": "",
        "collection_id": null,
        "insert_len": 0,
        "status": "failed",
        "error": "[Errno 111] Connection refused"
      },
      {
        "url": "https://news.qq.com/rain/a/20260913A067KR00",
        "title": "",
        "collection_id": null,
        "insert_len": 0,
        "status": "failed",
        "error": "[Errno 111] Connection refused"
      },
      {
        "url": "https://news.qq.com/rain/a/20260913A08PRT00",
        "title": "",
        "collection_id": null,
        "insert_len": 0,
        "status": "failed",
        "error": "[Errno 111] Connection refused"
      },
      {
        "url": "https://news.qq.com/rain/a/20260913A07YC900",
        "title": "",
        "collection_id": null,
        "insert_len": 0,
        "status": "failed",
        "error": "[Errno 111] Connection refused"
      },
      {
        "url": "https://news.qq.com/rain/a/20260913A088QX00",
        "title": "",
        "collection_id": null,
        "insert_len": 0,
        "status": "failed",
        "error": "[Errno 111] Connection refused"
      },
      {
        "url": "https://news.qq.com/rain/a/20260913A07NBF00",
        "title": "",
        "collection_id": null,
        "insert_len": 0,
        "status": "failed",
        "error": "[Errno 111] Connection refused"
      },
      {
        "url": "https://news.qq.com/rain/a/20260913A07L5E00",
        "title": "",
        "collection_id": null,
        "insert_len": 0,
        "status": "failed",
        "error": "[Errno 111] Connection refused"
      },
      {
        "url": "https://news.qq.com/rain/a/20260913A07IQL00",
        "title": "",
        "collection_id": null,
        "insert_len": 0,
        "status": "failed",
        "error": "[Errno 111] Connection refused"
      },
      {
        "url": "https://news.qq.com/rain/a/20260913A07CX100",
        "title": "",
        "collection_id": null,
        "insert_len": 0,
        "status": "failed",
        "error": "[Errno 111] Connection refused"
      },
      {
        "url": "https://news.qq.com/rain/a/20260913A04VM500",
        "title": "",
        "collection_id": null,
        "insert_len": 0,
        "status": "failed",
        "error": "[Errno 111] Connection refused"
      },
      {
        "url": "https://news.qq.com/rain/a/20260913A07WQS00",
        "title": "",
        "collection_id": null,
        "insert_len": 0,
        "status": "failed",
        "error": "[Errno 111] Connection refused"
      },
      {
        "url": "https://news.qq.com/rain/a/20260913A078CA00",
        "title": "",
        "collection_id": null,
        "insert_len": 0,
        "status": "failed",
        "error": "[Errno 111] Connection refused"
      },
      {
        "url": "https://news.qq.com/rain/a/20260913A05ZII00",
        "title": "",
        "collection_id": null,
        "insert_len": 0,
        "status": "failed",
        "error": "[Errno 111] Connection refused"
      }
    ]
  },
  "items": [
    {
      "topic": "科技",
      "title": "智谱完成约50亿美元融资：配股与可转债并行，加码研发和算力",
      "url": "https://news.qq.com/rain/a/20260913A08HTO00",
      "publish_time": "2026-09-13 19:20:31"
    },
    {
      "topic": "科技",
      "title": "一年后agent可能组建僵尸网络，四巨头齐呼刹车",
      "url": "https://news.qq.com/rain/a/20260913A07N2B00",
      "publish_time": "2026-09-13 16:57:03"
    },
    {
      "topic": "科技",
      "title": "骑手能被算法强制休息20分钟了，但定规则的人你问过骑手了吗？",
      "url": "https://news.qq.com/rain/a/20260913A07WQQ00",
      "publish_time": "2026-09-13 19:27:28"
    },
    {
      "topic": "科技",
      "title": "在读75.36万，存量120万：中国博士真的“过剩”了吗？",
      "url": "https://news.qq.com/rain/a/20260913A088QS00",
      "publish_time": "2026-09-13 18:37:22"
    },
    {
      "topic": "科技",
      "title": "元宇宙之死",
      "url": "https://news.qq.com/rain/a/20260913A07LL300",
      "publish_time": "2026-09-13 16:52:20"
    },
    {
      "topic": "体育",
      "title": "WTT澳门赛：国乒0冠收官！陈熠决赛3-4输张本美和 日本女单夺冠",
      "url": "https://news.qq.com/rain/a/20260913A08LVD00",
      "publish_time": "2026-09-13 19:49:21"
    },
    {
      "topic": "体育",
      "title": "中国U20女足VS西班牙首发：轮换5人争头名！卢家玉、欧阳玉环登场",
      "url": "https://news.qq.com/rain/a/20260913A03RSS00",
      "publish_time": "2026-09-13 19:45:00"
    },
    {
      "topic": "体育",
      "title": "国羽前队长蔡赟专访：现在最开心的， 是别人叫我蔡老师",
      "url": "https://news.qq.com/rain/a/20260912A0B86000",
      "publish_time": "2026-09-13 17:49:48"
    },
    {
      "topic": "体育",
      "title": "亚运观赛指南：国足深陷“死亡之组”，U23亚军班底能否打破魔咒",
      "url": "https://news.qq.com/rain/a/20260913A067KR00",
      "publish_time": "2026-09-13 14:19:13"
    },
    {
      "topic": "体育",
      "title": "张本美和女单夺冠哭成泪人！连赢国乒2大名将，父亲主动拥抱送上安慰",
      "url": "https://news.qq.com/rain/a/20260913A08PRT00",
      "publish_time": "2026-09-13 20:13:30"
    },
    {
      "topic": "财经",
      "title": "重大新信号出现！A股下周或有转机？",
      "url": "https://news.qq.com/rain/a/20260913A07YC900",
      "publish_time": "2026-09-13 17:44:46"
    },
    {
      "topic": "财经",
      "title": "五家险企中报隐藏的资产配置真相",
      "url": "https://news.qq.com/rain/a/20260913A088QX00",
      "publish_time": "2026-09-13 18:53:57"
    },
    {
      "topic": "财经",
      "title": "银行集体开启“秋招模式”，四大国有行今年缩招7000余人",
      "url": "https://news.qq.com/rain/a/20260913A07NBF00",
      "publish_time": "2026-09-13 16:58:07"
    },
    {
      "topic": "财经",
      "title": "1900亿GPU龙头下周解禁，股价较高点已跌超50%",
      "url": "https://news.qq.com/rain/a/20260913A07L5E00",
      "publish_time": "2026-09-13 16:46:35"
    },
    {
      "topic": "财经",
      "title": "牌照没收且罚款80万，这家私募竟将投资外包给牛散",
      "url": "https://news.qq.com/rain/a/20260913A07IQL00",
      "publish_time": "2026-09-13 16:43:09"
    },
    {
      "topic": "汽车",
      "title": "比亚迪利润奖停发传闻发酵，员工称多项福利此前已收紧",
      "url": "https://news.qq.com/rain/a/20260913A07CX100",
      "publish_time": "2026-09-13 16:24:11"
    },
    {
      "topic": "汽车",
      "title": "刚提车就降价1万 特斯拉Model Y遭集体投诉！车主：要给补偿",
      "url": "https://news.qq.com/rain/a/20260913A04VM500",
      "publish_time": "2026-09-13 17:22:29"
    },
    {
      "topic": "汽车",
      "title": "万字长文深谈：把电车卖到全球第一之后，该轮到我们写电车全球标准了",
      "url": "https://news.qq.com/rain/a/20260913A07WQS00",
      "publish_time": "2026-09-13 17:37:10"
    },
    {
      "topic": "汽车",
      "title": "疑似吉利E211车型谍照曝光，该车产品定位或高于星愿",
      "url": "https://news.qq.com/rain/a/20260913A078CA00",
      "publish_time": "2026-09-13 16:08:02"
    },
    {
      "topic": "汽车",
      "title": "匆忙推出9系后，阿维塔还能不能IPO？",
      "url": "https://news.qq.com/rain/a/20260913A05ZII00",
      "publish_time": "2026-09-13 13:55:37"
    }
  ]
}
===== news ingest end, exit=1 =====
===== qa generate start =====
{
  "total": 20,
  "submitted": 0,
  "skipped": 0,
  "failed": 20,
  "retry_exhausted": 0,
  "items": [
    {
      "url": "https://news.qq.com/rain/a/20260905A06F0L00",
      "status": "failed",
      "error": "[Errno 111] Connection refused"
    },
    {
      "url": "https://news.qq.com/rain/a/20260905A06ZM900",
      "status": "failed",
      "error": "[Errno 111] Connection refused"
    },
    {
      "url": "https://news.qq.com/rain/a/20260904A0DQBG00",
      "status": "failed",
      "error": "[Errno 111] Connection refused"
    },
    {
      "url": "https://news.qq.com/rain/a/20260905A06FB100",
      "status": "failed",
      "error": "[Errno 111] Connection refused"
    },
    {
      "url": "https://news.qq.com/rain/a/20260905A0B8CY00",
      "status": "failed",
      "error": "[Errno 111] Connection refused"
    },
    {
      "url": "https://news.qq.com/rain/a/20260905A09HQ000",
      "status": "failed",
      "error": "[Errno 111] Connection refused"
    },
    {
      "url": "https://news.qq.com/rain/a/20260905A0840X00",
      "status": "failed",
      "error": "[Errno 111] Connection refused"
    },
    {
      "url": "https://news.qq.com/rain/a/20260905A09BIK00",
      "status": "failed",
      "error": "[Errno 111] Connection refused"
    },
    {
      "url": "https://news.qq.com/rain/a/20260905A09SAN00",
      "status": "failed",
      "error": "[Errno 111] Connection refused"
    },
    {
      "url": "https://news.qq.com/rain/a/20260905A02WAQ00",
      "status": "failed",
      "error": "[Errno 111] Connection refused"
    },
    {
      "url": "https://news.qq.com/rain/a/20260905A000S600",
      "status": "failed",
      "error": "[Errno 111] Connection refused"
    },
    {
      "url": "https://news.qq.com/rain/a/20260904A0DPSZ00",
      "status": "failed",
      "error": "[Errno 111] Connection refused"
    },
    {
      "url": "https://news.qq.com/rain/a/20260905A0AXVR00",
      "status": "failed",
      "error": "[Errno 111] Connection refused"
    },
    {
      "url": "https://news.qq.com/rain/a/20260905A0A5QJ00",
      "status": "failed",
      "error": "[Errno 111] Connection refused"
    },
    {
      "url": "https://news.qq.com/rain/a/20260905A08N9U00",
      "status": "failed",
      "error": "[Errno 111] Connection refused"
    },
    {
      "url": "https://news.qq.com/rain/a/20260905A03A3000",
      "status": "failed",
      "error": "[Errno 111] Connection refused"
    },
    {
      "url": "https://news.qq.com/rain/a/20260905A0BF3F00",
      "status": "failed",
      "error": "[Errno 111] Connection refused"
    },
    {
      "url": "https://news.qq.com/rain/a/20260905A030EK00",
      "status": "failed",
      "error": "[Errno 111] Connection refused"
    },
    {
      "url": "https://news.qq.com/rain/a/20260905A02AQA00",
      "status": "failed",
      "error": "[Errno 111] Connection refused"
    },
    {
      "url": "https://news.qq.com/rain/a/20260905A00PPZ00",
      "status": "failed",
      "error": "[Errno 111] Connection refused"
    }
  ]
}
===== qa generate end, exit=1 =====
===== evaluation skipped (disabled) =====
===== daily report start =====
{
  "status": "failed",
  "target_date": "2026-09-13",
  "generated_at": "2026-09-13T20:30:14.583613+08:00",
  "pipeline_exit_codes": {
    "ingest": 1,
    "qa": 1,
    "evaluation": 0
  },
  "news": {
    "total": 20,
    "status_counts": {
      "failed": 20
    },
    "retry_exhausted": 0
  },
  "qa": {
    "total": 0,
    "status_counts": {},
    "not_submitted": 0,
    "retry_exhausted": 0
  },
  "cache": {
    "article_files": 12297
  },
  "files": {
    "json": "reports/daily-2026-09-13.json",
    "markdown": "reports/daily-2026-09-13.md"
  }
}
===== daily report end, exit=0 =====
===== end 2026-09-13T20:30:14+08:00, exit=1 =====
