===== start 2026-08-19T19:19:32+08:00 =====
{
  "status": "partial_failed",
  "target_date": "2026-08-19",
  "discovered": 49,
  "unique": 49,
  "sources": [
    {
      "topic": "科技",
      "url": "https://news.qq.com/ch/tech/",
      "count": 0,
      "status": "failed",
      "error": "module 'httpx' has no attribute 'HTTPSatusError'"
    },
    {
      "topic": "体育",
      "url": "https://news.qq.com/ch/sports/",
      "count": 20,
      "status": "success"
    },
    {
      "topic": "财经",
      "url": "https://news.qq.com/ch/finance/",
      "count": 20,
      "status": "success"
    },
    {
      "topic": "娱乐",
      "url": "https://news.qq.com/ch/ent/",
      "count": 0,
      "status": "success"
    },
    {
      "topic": "汽车",
      "url": "https://news.qq.com/ch/auto/",
      "count": 9,
      "status": "success"
    },
    {
      "topic": "教育",
      "url": "https://news.qq.com/ch/edu/",
      "count": 0,
      "status": "success"
    }
  ],
  "dry_run": false,
  "ingest": {
    "total": 49,
    "succeeded": 41,
    "skipped": 7,
    "failed": 1,
    "items": [
      {
        "url": "https://news.qq.com/rain/a/20260819A0AXIN00",
        "title": "前国手顶薪到期离开广厦 和同省球队签2年C类合同",
        "collection_id": "6a858efa5b953dce7fd1ca5e",
        "insert_len": 0,
        "status": "skipped"
      },
      {
        "url": "https://news.qq.com/rain/a/20260819A0AZK500",
        "title": "上海海港VS大连英博首发：德尔加多领衔前场，武磊、莱昂纳多搭档锋线",
        "collection_id": "6a858efa5b953dce7fd1ca96",
        "insert_len": 0,
        "status": "skipped"
      },
      {
        "url": "https://news.qq.com/rain/a/20260819A09TLK00",
        "title": "世锦赛：半场开香槟险遭逆转！李诗沣2-0梁峻豪，静待日本一哥",
        "collection_id": "6a8591585b953dce7fd1cc88",
        "insert_len": 0,
        "status": "success"
      },
      {
        "url": "https://news.qq.com/rain/a/20260819A02V9O00",
        "title": "巨大丑闻！曝中国足协3名官员接受韩国性贿赂 身份曝光 官方未回应",
        "collection_id": "6a8591585b953dce7fd1ccb8",
        "insert_len": 0,
        "status": "success"
      },
      {
        "url": "https://news.qq.com/rain/a/20260819A09J9Q00",
        "title": "上赛季NBA助攻榜发布：中锋登顶第一 约基奇让全联盟后卫变笑话？",
        "collection_id": "6a8591595b953dce7fd1ccf8",
        "insert_len": 0,
        "status": "success"
      },
      {
        "url": "https://news.qq.com/rain/a/20260819A02PSR00",
        "title": "19岁法国直板少年登顶世界第二遭“捡漏”质疑，小勒布伦正面回应：8战王楚钦全败是动力，并非借口",
        "collection_id": "6a8591595b953dce7fd1cd3c",
        "insert_len": 0,
        "status": "success"
      },
      {
        "url": "https://news.qq.com/rain/a/20260819A09H4S00",
        "title": "男篮真有必要召回赵睿，当前国际赛最好用的后卫，攻防都很不错",
        "collection_id": "6a85915a5b953dce7fd1cd74",
        "insert_len": 0,
        "status": "success"
      },
      {
        "url": "https://news.qq.com/rain/a/20260819A05GKS00",
        "title": "穆里尼奥救不了罗纳尔多接班人，皇马的饮水机管理员稳了？",
        "collection_id": "6a85915a5b953dce7fd1cdab",
        "insert_len": 0,
        "status": "success"
      },
      {
        "url": "https://news.qq.com/rain/a/20260819A06U7W00",
        "title": "卸任乒协主席10个月重返训练馆！刘国梁公开表态，绝不插手教练组",
        "collection_id": "6a85915b5b953dce7fd1cde3",
        "insert_len": 0,
        "status": "success"
      },
      {
        "url": "https://news.qq.com/rain/a/20260819A07WNG00",
        "title": "0-3落败后迁怒孩子？小球迷穿武磊7号球衣离场遭上海申花球迷推搡辱骂，武磊深夜发文寻找当事父子，韩乔生两度发声；上海警方已介入",
        "collection_id": "6a85915b5b953dce7fd1ce27",
        "insert_len": 0,
        "status": "success"
      },
      {
        "url": "https://news.qq.com/rain/a/20260819A057WL00",
        "title": "贝兹莫尔：我退役那年前妻提出离婚，分走了150万美元",
        "collection_id": "6a85915b5b953dce7fd1ce5e",
        "insert_len": 0,
        "status": "success"
      },
      {
        "url": "https://news.qq.com/rain/a/20260819A02VA000",
        "title": "接受韩足协4300元性招待！中国足协3人身份曝光 均来自裁判部门",
        "collection_id": "6a85915c5b953dce7fd1ce95",
        "insert_len": 0,
        "status": "success"
      },
      {
        "url": "https://news.qq.com/rain/a/20260819A0AQ1S00",
        "title": "6000万！巴莱巴加盟曼联！儿魔梦，曼联压价成功，补强开启",
        "collection_id": "6a85915c5b953dce7fd1cecc",
        "insert_len": 0,
        "status": "success"
      },
      {
        "url": "https://news.qq.com/rain/a/20260819A0323Z00",
        "title": "曝国内3名球员被欧洲俱乐部看上但最终放弃留洋：3大拦路虎挡面前",
        "collection_id": "6a85915c5b953dce7fd1cefc",
        "insert_len": 0,
        "status": "success"
      },
      {
        "url": "https://news.qq.com/rain/a/20260819A07CGG00",
        "title": "塔利斯卡：我不会考虑能否进巴西国家队，若看数据我早该入选",
        "collection_id": "6a85915d5b953dce7fd1cf3c",
        "insert_len": 0,
        "status": "success"
      },
      {
        "url": "https://news.qq.com/rain/a/20260819A02XVE00",
        "title": "中国足协3人均保持沉默 接受性招待的日本裁判：很难否认去过夜店",
        "collection_id": "6a85915d5b953dce7fd1cf73",
        "insert_len": 0,
        "status": "success"
      },
      {
        "url": "https://news.qq.com/rain/a/20260819A0APJ600",
        "title": "费城重要引援！媒体晒安芬尼-西蒙斯的生活照与球迷分享",
        "collection_id": "6a85915e5b953dce7fd1cfac",
        "insert_len": 0,
        "status": "success"
      },
      {
        "url": "https://news.qq.com/rain/a/20260819A05O1L00",
        "title": "连续不敌乌拉圭新西兰！郭士强不该背全部黑锅？自有他的无奈",
        "collection_id": "6a85915e5b953dce7fd1cfe4",
        "insert_len": 0,
        "status": "success"
      },
      {
        "url": "https://news.qq.com/rain/a/20260819A07R5900",
        "title": "记者：哈贾尔手腕受伤缺席荷兰大奖赛，劳森开大牛角田开小牛",
        "collection_id": "6a85915f5b953dce7fd1d01d",
        "insert_len": 0,
        "status": "success"
      },
      {
        "url": "https://news.qq.com/rain/a/20260819A0A08D00",
        "title": "曝曼联接近签下22岁英超顶级铁腰 报价6500万镑 纽卡又遭截胡",
        "collection_id": "6a85915f5b953dce7fd1d055",
        "insert_len": 0,
        "status": "success"
      },
      {
        "url": "https://news.qq.com/rain/a/20260819A08V8W00",
        "title": "美债最敏感时刻：160亿美元长债拍卖+美联储纪要考验市场",
        "collection_id": "6a858efb5b953dce7fd1cace",
        "insert_len": 0,
        "status": "skipped"
      },
      {
        "url": "https://news.qq.com/rain/a/20260819A09C9J00",
        "title": "股价狂飙，宇树“静悄悄”",
        "collection_id": "6a858f9f5b953dce7fd1cc0f",
        "insert_len": 0,
        "status": "skipped"
      },
      {
        "url": "https://news.qq.com/rain/a/20260819A0AYGK00",
        "title": "兆易创新上半年归母净利润大涨11倍，葛卫东夫妇持仓超百亿元",
        "collection_id": "6a858efb5b953dce7fd1cb13",
        "insert_len": 0,
        "status": "skipped"
      },
      {
        "url": "https://news.qq.com/rain/a/20260819A0AROH00",
        "title": "498家新店只有1家是自营 越来越“轻”的华住开始靠加盟赚钱",
        "collection_id": "6a85915f5b953dce7fd1d08e",
        "insert_len": 0,
        "status": "success"
      },
      {
        "url": "https://news.qq.com/rain/a/20260819A09ODV00",
        "title": "医保“十五五”规划指标调整，未来五年求医问药有哪些变化",
        "collection_id": "6a8591605b953dce7fd1d0d2",
        "insert_len": 0,
        "status": "success"
      },
      {
        "url": "https://news.qq.com/rain/a/20260819A09VM500",
        "title": "A股超5000股下跌，创业板指跌超6%，半导体、机器人板块领跌 | 大鱼财经",
        "collection_id": "6a8591605b953dce7fd1d122",
        "insert_len": 0,
        "status": "success"
      },
      {
        "url": "https://news.qq.com/rain/a/20260819A03A3E00",
        "title": "美国债市遭“重锤”，华尔街：这一次恐非暂时，看起来很像2007年",
        "collection_id": "6a8591615b953dce7fd1d16a",
        "insert_len": 0,
        "status": "success"
      },
      {
        "url": "https://news.qq.com/rain/a/20260819A09ZY000",
        "title": "国泰海通营收472亿近翻倍、净利200亿创新高，半年报自评：初步实现1+1>2效果",
        "collection_id": "6a8591615b953dce7fd1d1af",
        "insert_len": 0,
        "status": "success"
      },
      {
        "url": "https://news.qq.com/rain/a/20260819A042KP00",
        "title": "中一签赚超47万！宇树科技批量造富，王兴兴身家超千亿",
        "collection_id": "6a8591615b953dce7fd1d1f3",
        "insert_len": 0,
        "status": "success"
      },
      {
        "url": "https://news.qq.com/rain/a/20260819A0762Q00",
        "title": "扩大刑期范围后，胖东来被指招聘强奸犯，回应来了",
        "collection_id": "6a8591625b953dce7fd1d244",
        "insert_len": 0,
        "status": "success"
      },
      {
        "url": "https://news.qq.com/rain/a/20260819A03CAR00",
        "title": "视频丨物价高涨 日本家庭倾向减少消费",
        "collection_id": "6a8591625b953dce7fd1d27d",
        "insert_len": 0,
        "status": "success"
      },
      {
        "url": "https://news.qq.com/rain/a/20260819A0A3K500",
        "title": "",
        "collection_id": null,
        "insert_len": 0,
        "status": "failed",
        "error": "新闻内容过短。"
      },
      {
        "url": "https://news.qq.com/rain/a/20260819A0AWGG00",
        "title": "拿5年多流动性换取“稳稳的幸福”，这类债基重出江湖！",
        "collection_id": "6a8591635b953dce7fd1d2b6",
        "insert_len": 0,
        "status": "success"
      },
      {
        "url": "https://news.qq.com/rain/a/20260819A059HM00",
        "title": "上半年银行业净利润微降至1.2万亿，城商行以7.4%增速领跑",
        "collection_id": "6a8591635b953dce7fd1d2ef",
        "insert_len": 0,
        "status": "success"
      },
      {
        "url": "https://news.qq.com/rain/a/20260819A06IQM00",
        "title": "“山东首富”家族施展资本财技，三兄妹重构千亿“魏桥系”顶层",
        "collection_id": "6a8591645b953dce7fd1d328",
        "insert_len": 0,
        "status": "success"
      },
      {
        "url": "https://news.qq.com/rain/a/20260819A09ET500",
        "title": "中信证券：白酒板块迎来修复，关注中秋旺季动销",
        "collection_id": "6a8591645b953dce7fd1d384",
        "insert_len": 0,
        "status": "success"
      },
      {
        "url": "https://news.qq.com/rain/a/20260819A08JLH00",
        "title": "宇树科技上市首日收涨 460%：盘中一度暴涨 629% 市值突破4400亿",
        "collection_id": "6a8591645b953dce7fd1d3bc",
        "insert_len": 0,
        "status": "success"
      },
      {
        "url": "https://news.qq.com/rain/a/20260819A03JOF00",
        "title": "许老板“崩”了东北富二代42亿，神秘家族掌舵人突然消失？",
        "collection_id": "6a8591655b953dce7fd1d3f5",
        "insert_len": 0,
        "status": "success"
      },
      {
        "url": "https://news.qq.com/rain/a/20260819A0A5RN00",
        "title": "亚洲“黑色星期三”，背后发生了什么？",
        "collection_id": "6a8591655b953dce7fd1d42e",
        "insert_len": 0,
        "status": "success"
      },
      {
        "url": "https://news.qq.com/rain/a/20260819A05ZYD00",
        "title": "曾获父亲力挺“干得比我强”，曹德旺之子交出接班后首份中报：福耀玻璃营收微增但净利下滑17%，终结五年双位数增长",
        "collection_id": "6a8591665b953dce7fd1d468",
        "insert_len": 0,
        "status": "success"
      },
      {
        "url": "https://news.qq.com/rain/a/20260819A0A1SP00",
        "title": "成都车展，“牛来”了？",
        "collection_id": "6a858efc5b953dce7fd1cb58",
        "insert_len": 0,
        "status": "skipped"
      },
      {
        "url": "https://news.qq.com/rain/a/20260819A0A5RR00",
        "title": "别克至境L7纯电版上市：续航里程702公里 权益价16.99万起",
        "collection_id": "6a858efc5b953dce7fd1cb9c",
        "insert_len": 0,
        "status": "skipped"
      },
      {
        "url": "https://news.qq.com/rain/a/20260819A078KC00",
        "title": "雷军嘴里的“销量奇迹”，怎么就成了“越卖越亏”的生意？",
        "collection_id": "6a8591665b953dce7fd1d4ad",
        "insert_len": 0,
        "status": "success"
      },
      {
        "url": "https://news.qq.com/rain/a/20260819A099QF00",
        "title": "比亚迪旗舰轿车 大汉内饰实拍图流出：行政豪华范儿十足",
        "collection_id": "6a8591675b953dce7fd1d4f1",
        "insert_len": 0,
        "status": "success"
      },
      {
        "url": "https://news.qq.com/rain/a/20260819A06DTL00",
        "title": "不再销售燃油车，挪威成全球首个完成电动汽车转型国家，中国车企销量跻身前三",
        "collection_id": "6a8591675b953dce7fd1d52a",
        "insert_len": 0,
        "status": "success"
      },
      {
        "url": "https://news.qq.com/rain/a/20260819A0369E00",
        "title": "9.99万起！2027款海豹06正式上市，“B级满配家轿”还要什么自行车？",
        "collection_id": "6a8591675b953dce7fd1d563",
        "insert_len": 0,
        "status": "success"
      },
      {
        "url": "https://news.qq.com/rain/a/20260819A071XQ00",
        "title": "售19.58万起 爆款实力再升级 钛7DM长续航版上市",
        "collection_id": "6a8591685b953dce7fd1d59b",
        "insert_len": 0,
        "status": "success"
      },
      {
        "url": "https://news.qq.com/rain/a/20260819A08RWL00",
        "title": "开展前静悄悄！至少22个汽车品牌将缺席成都车展",
        "collection_id": "6a8591685b953dce7fd1d5d3",
        "insert_len": 0,
        "status": "success"
      },
      {
        "url": "https://news.qq.com/rain/a/20260819A07B6N00",
        "title": "挪威成为全球首个完成汽车电动化转型国家，可是有参考价值吗？",
        "collection_id": "6a8591695b953dce7fd1d60c",
        "insert_len": 0,
        "status": "success"
      }
    ]
  },
  "items": [
    {
      "topic": "体育",
      "title": "前国手顶薪到期离开广厦 和同省球队签2年C类合同",
      "url": "https://news.qq.com/rain/a/20260819A0AXIN00",
      "publish_time": "2026-08-19 19:01:21"
    },
    {
      "topic": "体育",
      "title": "上海海港VS大连英博首发：德尔加多领衔前场，武磊、莱昂纳多搭档锋线",
      "url": "https://news.qq.com/rain/a/20260819A0AZK500",
      "publish_time": "2026-08-19 18:56:54"
    },
    {
      "topic": "体育",
      "title": "世锦赛：半场开香槟险遭逆转！李诗沣2-0梁峻豪，静待日本一哥",
      "url": "https://news.qq.com/rain/a/20260819A09TLK00",
      "publish_time": "2026-08-19 17:39:58"
    },
    {
      "topic": "体育",
      "title": "巨大丑闻！曝中国足协3名官员接受韩国性贿赂 身份曝光 官方未回应",
      "url": "https://news.qq.com/rain/a/20260819A02V9O00",
      "publish_time": "2026-08-19 06:57:31"
    },
    {
      "topic": "体育",
      "title": "上赛季NBA助攻榜发布：中锋登顶第一 约基奇让全联盟后卫变笑话？",
      "url": "https://news.qq.com/rain/a/20260819A09J9Q00",
      "publish_time": "2026-08-19 16:33:03"
    },
    {
      "topic": "体育",
      "title": "19岁法国直板少年登顶世界第二遭“捡漏”质疑，小勒布伦正面回应：8战王楚钦全败是动力，并非借口",
      "url": "https://news.qq.com/rain/a/20260819A02PSR00",
      "publish_time": "2026-08-19 05:40:26"
    },
    {
      "topic": "体育",
      "title": "男篮真有必要召回赵睿，当前国际赛最好用的后卫，攻防都很不错",
      "url": "https://news.qq.com/rain/a/20260819A09H4S00",
      "publish_time": "2026-08-19 16:29:38"
    },
    {
      "topic": "体育",
      "title": "穆里尼奥救不了罗纳尔多接班人，皇马的饮水机管理员稳了？",
      "url": "https://news.qq.com/rain/a/20260819A05GKS00",
      "publish_time": "2026-08-19 11:33:10"
    },
    {
      "topic": "体育",
      "title": "卸任乒协主席10个月重返训练馆！刘国梁公开表态，绝不插手教练组",
      "url": "https://news.qq.com/rain/a/20260819A06U7W00",
      "publish_time": "2026-08-19 13:24:06"
    },
    {
      "topic": "体育",
      "title": "0-3落败后迁怒孩子？小球迷穿武磊7号球衣离场遭上海申花球迷推搡辱骂，武磊深夜发文寻找当事父子，韩乔生两度发声；上海警方已介入",
      "url": "https://news.qq.com/rain/a/20260819A07WNG00",
      "publish_time": "2026-08-19 14:43:31"
    },
    {
      "topic": "体育",
      "title": "贝兹莫尔：我退役那年前妻提出离婚，分走了150万美元",
      "url": "https://news.qq.com/rain/a/20260819A057WL00",
      "publish_time": "2026-08-19 11:14:19"
    },
    {
      "topic": "体育",
      "title": "接受韩足协4300元性招待！中国足协3人身份曝光 均来自裁判部门",
      "url": "https://news.qq.com/rain/a/20260819A02VA000",
      "publish_time": "2026-08-19 06:57:40"
    },
    {
      "topic": "体育",
      "title": "6000万！巴莱巴加盟曼联！儿魔梦，曼联压价成功，补强开启",
      "url": "https://news.qq.com/rain/a/20260819A0AQ1S00",
      "publish_time": "2026-08-19 18:06:33"
    },
    {
      "topic": "体育",
      "title": "曝国内3名球员被欧洲俱乐部看上但最终放弃留洋：3大拦路虎挡面前",
      "url": "https://news.qq.com/rain/a/20260819A0323Z00",
      "publish_time": "2026-08-19 07:56:34"
    },
    {
      "topic": "体育",
      "title": "塔利斯卡：我不会考虑能否进巴西国家队，若看数据我早该入选",
      "url": "https://news.qq.com/rain/a/20260819A07CGG00",
      "publish_time": "2026-08-19 14:04:14"
    },
    {
      "topic": "体育",
      "title": "中国足协3人均保持沉默 接受性招待的日本裁判：很难否认去过夜店",
      "url": "https://news.qq.com/rain/a/20260819A02XVE00",
      "publish_time": "2026-08-19 07:17:22"
    },
    {
      "topic": "体育",
      "title": "费城重要引援！媒体晒安芬尼-西蒙斯的生活照与球迷分享",
      "url": "https://news.qq.com/rain/a/20260819A0APJ600",
      "publish_time": "2026-08-19 18:04:04"
    },
    {
      "topic": "体育",
      "title": "连续不敌乌拉圭新西兰！郭士强不该背全部黑锅？自有他的无奈",
      "url": "https://news.qq.com/rain/a/20260819A05O1L00",
      "publish_time": "2026-08-19 11:47:10"
    },
    {
      "topic": "体育",
      "title": "记者：哈贾尔手腕受伤缺席荷兰大奖赛，劳森开大牛角田开小牛",
      "url": "https://news.qq.com/rain/a/20260819A07R5900",
      "publish_time": "2026-08-19 14:36:09"
    },
    {
      "topic": "体育",
      "title": "曝曼联接近签下22岁英超顶级铁腰 报价6500万镑 纽卡又遭截胡",
      "url": "https://news.qq.com/rain/a/20260819A0A08D00",
      "publish_time": "2026-08-19 17:10:36"
    },
    {
      "topic": "财经",
      "title": "美债最敏感时刻：160亿美元长债拍卖+美联储纪要考验市场",
      "url": "https://news.qq.com/rain/a/20260819A08V8W00",
      "publish_time": "2026-08-19 19:07:12"
    },
    {
      "topic": "财经",
      "title": "股价狂飙，宇树“静悄悄”",
      "url": "https://news.qq.com/rain/a/20260819A09C9J00",
      "publish_time": "2026-08-19 19:12:03"
    },
    {
      "topic": "财经",
      "title": "兆易创新上半年归母净利润大涨11倍，葛卫东夫妇持仓超百亿元",
      "url": "https://news.qq.com/rain/a/20260819A0AYGK00",
      "publish_time": "2026-08-19 18:51:30"
    },
    {
      "topic": "财经",
      "title": "498家新店只有1家是自营 越来越“轻”的华住开始靠加盟赚钱",
      "url": "https://news.qq.com/rain/a/20260819A0AROH00",
      "publish_time": "2026-08-19 18:40:52"
    },
    {
      "topic": "财经",
      "title": "医保“十五五”规划指标调整，未来五年求医问药有哪些变化",
      "url": "https://news.qq.com/rain/a/20260819A09ODV00",
      "publish_time": "2026-08-19 17:15:11"
    },
    {
      "topic": "财经",
      "title": "A股超5000股下跌，创业板指跌超6%，半导体、机器人板块领跌 | 大鱼财经",
      "url": "https://news.qq.com/rain/a/20260819A09VM500",
      "publish_time": "2026-08-19 16:59:06"
    },
    {
      "topic": "财经",
      "title": "美国债市遭“重锤”，华尔街：这一次恐非暂时，看起来很像2007年",
      "url": "https://news.qq.com/rain/a/20260819A03A3E00",
      "publish_time": "2026-08-19 08:41:13"
    },
    {
      "topic": "财经",
      "title": "国泰海通营收472亿近翻倍、净利200亿创新高，半年报自评：初步实现1+1>2效果",
      "url": "https://news.qq.com/rain/a/20260819A09ZY000",
      "publish_time": "2026-08-19 17:09:10"
    },
    {
      "topic": "财经",
      "title": "中一签赚超47万！宇树科技批量造富，王兴兴身家超千亿",
      "url": "https://news.qq.com/rain/a/20260819A042KP00",
      "publish_time": "2026-08-19 09:58:09"
    },
    {
      "topic": "财经",
      "title": "扩大刑期范围后，胖东来被指招聘强奸犯，回应来了",
      "url": "https://news.qq.com/rain/a/20260819A0762Q00",
      "publish_time": "2026-08-19 13:51:19"
    },
    {
      "topic": "财经",
      "title": "视频丨物价高涨 日本家庭倾向减少消费",
      "url": "https://news.qq.com/rain/a/20260819A03CAR00",
      "publish_time": "2026-08-19 07:25:30"
    },
    {
      "topic": "财经",
      "title": "净减少676家！哪些银行机构是“减量”主体？",
      "url": "https://news.qq.com/rain/a/20260819A0A3K500",
      "publish_time": "2026-08-19 17:04:50"
    },
    {
      "topic": "财经",
      "title": "拿5年多流动性换取“稳稳的幸福”，这类债基重出江湖！",
      "url": "https://news.qq.com/rain/a/20260819A0AWGG00",
      "publish_time": "2026-08-19 18:18:58"
    },
    {
      "topic": "财经",
      "title": "上半年银行业净利润微降至1.2万亿，城商行以7.4%增速领跑",
      "url": "https://news.qq.com/rain/a/20260819A059HM00",
      "publish_time": "2026-08-19 11:18:03"
    },
    {
      "topic": "财经",
      "title": "“山东首富”家族施展资本财技，三兄妹重构千亿“魏桥系”顶层",
      "url": "https://news.qq.com/rain/a/20260819A06IQM00",
      "publish_time": "2026-08-19 12:53:46"
    },
    {
      "topic": "财经",
      "title": "中信证券：白酒板块迎来修复，关注中秋旺季动销",
      "url": "https://news.qq.com/rain/a/20260819A09ET500",
      "publish_time": "2026-08-19 16:24:10"
    },
    {
      "topic": "财经",
      "title": "宇树科技上市首日收涨 460%：盘中一度暴涨 629% 市值突破4400亿",
      "url": "https://news.qq.com/rain/a/20260819A08JLH00",
      "publish_time": "2026-08-19 15:30:08"
    },
    {
      "topic": "财经",
      "title": "许老板“崩”了东北富二代42亿，神秘家族掌舵人突然消失？",
      "url": "https://news.qq.com/rain/a/20260819A03JOF00",
      "publish_time": "2026-08-19 09:13:49"
    },
    {
      "topic": "财经",
      "title": "亚洲“黑色星期三”，背后发生了什么？",
      "url": "https://news.qq.com/rain/a/20260819A0A5RN00",
      "publish_time": "2026-08-19 17:22:02"
    },
    {
      "topic": "财经",
      "title": "曾获父亲力挺“干得比我强”，曹德旺之子交出接班后首份中报：福耀玻璃营收微增但净利下滑17%，终结五年双位数增长",
      "url": "https://news.qq.com/rain/a/20260819A05ZYD00",
      "publish_time": "2026-08-19 12:08:10"
    },
    {
      "topic": "汽车",
      "title": "成都车展，“牛来”了？",
      "url": "https://news.qq.com/rain/a/20260819A0A1SP00",
      "publish_time": "2026-08-19 17:48:58"
    },
    {
      "topic": "汽车",
      "title": "别克至境L7纯电版上市：续航里程702公里 权益价16.99万起",
      "url": "https://news.qq.com/rain/a/20260819A0A5RR00",
      "publish_time": "2026-08-19 17:22:05"
    },
    {
      "topic": "汽车",
      "title": "雷军嘴里的“销量奇迹”，怎么就成了“越卖越亏”的生意？",
      "url": "https://news.qq.com/rain/a/20260819A078KC00",
      "publish_time": "2026-08-19 13:54:39"
    },
    {
      "topic": "汽车",
      "title": "比亚迪旗舰轿车 大汉内饰实拍图流出：行政豪华范儿十足",
      "url": "https://news.qq.com/rain/a/20260819A099QF00",
      "publish_time": "2026-08-19 16:15:15"
    },
    {
      "topic": "汽车",
      "title": "不再销售燃油车，挪威成全球首个完成电动汽车转型国家，中国车企销量跻身前三",
      "url": "https://news.qq.com/rain/a/20260819A06DTL00",
      "publish_time": "2026-08-19 12:39:10"
    },
    {
      "topic": "汽车",
      "title": "9.99万起！2027款海豹06正式上市，“B级满配家轿”还要什么自行车？",
      "url": "https://news.qq.com/rain/a/20260819A0369E00",
      "publish_time": "2026-08-19 08:20:22"
    },
    {
      "topic": "汽车",
      "title": "售19.58万起 爆款实力再升级 钛7DM长续航版上市",
      "url": "https://news.qq.com/rain/a/20260819A071XQ00",
      "publish_time": "2026-08-19 13:42:49"
    },
    {
      "topic": "汽车",
      "title": "开展前静悄悄！至少22个汽车品牌将缺席成都车展",
      "url": "https://news.qq.com/rain/a/20260819A08RWL00",
      "publish_time": "2026-08-19 15:45:11"
    },
    {
      "topic": "汽车",
      "title": "挪威成为全球首个完成汽车电动化转型国家，可是有参考价值吗？",
      "url": "https://news.qq.com/rain/a/20260819A07B6N00",
      "publish_time": "2026-08-19 14:01:46"
    }
  ]
}
===== end 2026-08-19T19:20:09+08:00, exit=1 =====
